Drill report for SparkFun_Audio_Player_Breakout_MY1690X-16S_panelized.kicad_pcb
Created on 2025-02-19T12:52:30-0700

Copper Layer Stackup:
    =============================================================
    L1 :  F.Cu                      front
    L2 :  L2.Cu                     in1
    L3 :  L3.Cu                     in2
    L4 :  B.Cu                      back


Drill file 'SparkFun_Audio_Player_Breakout_MY1690X-16S_panelized.drl' contains
    plated through holes:
    =============================================================
    T1  0.300mm  0.0118"  (1320 holes)
    T2  0.600mm  0.0236"  (80 holes)  (with 80 slots)
    T3  1.016mm  0.0400"  (220 holes)

    Total plated holes count 1620


Not plated through holes are merged with plated holes
    unplated through holes:
    =============================================================
    T4  0.650mm  0.0256"  (40 holes)
    T5  1.000mm  0.0394"  (40 holes)
    T6  1.200mm  0.0472"  (40 holes)
    T7  3.100mm  0.1220"  (60 holes)

    Total unplated holes count 180
